// Vitest Snapshot v1, https://vitest.dev/guide/snapshot.html

exports[`parser referensi contoh-bank > hasil parse sama dengan snapshot (ARCHITECTURE 6) 1`] = `
[
  {
    "amount": 12500000n,
    "balance": 17500000n,
    "date": "2026-08-01",
    "description": "GAJI AGUSTUS 2026 PT CONTOH SEJAHTERA",
    "raw": {
      "dk": "CR",
      "halaman": "1",
      "jam": "07:12",
      "keterangan": "GAJI AGUSTUS 2026 PT CONTOH SEJAHTERA",
      "mutasi": "12.500.000,00",
      "saldo": "17.500.000,00",
      "tanggal": "01/08/2026",
    },
    "time": "07:12",
  },
  {
    "amount": -45000n,
    "balance": 17455000n,
    "date": "2026-08-02",
    "description": "QRIS WARUNG MAKAN SEDERHANA",
    "raw": {
      "dk": "DB",
      "halaman": "1",
      "jam": "12:30",
      "keterangan": "QRIS WARUNG MAKAN SEDERHANA",
      "mutasi": "45.000,00",
      "saldo": "17.455.000,00",
      "tanggal": "02/08/2026",
    },
    "time": "12:30",
  },
  {
    "amount": -15000n,
    "balance": 17440000n,
    "date": "2026-08-03",
    "description": "BIAYA ADMINISTRASI",
    "raw": {
      "dk": "DB",
      "halaman": "1",
      "jam": "",
      "keterangan": "BIAYA ADMINISTRASI",
      "mutasi": "15.000,00",
      "saldo": "17.440.000,00",
      "tanggal": "03/08/2026",
    },
    "time": null,
  },
  {
    "amount": -2000000n,
    "balance": 15440000n,
    "date": "2026-08-05",
    "description": "TRANSFER KE REKENING TABUNGAN TARGET DANA DARURAT",
    "raw": {
      "dk": "DB",
      "halaman": "1",
      "jam": "19:05",
      "keterangan": "TRANSFER KE REKENING TABUNGAN TARGET DANA DARURAT",
      "mutasi": "2.000.000,00",
      "saldo": "15.440.000,00",
      "tanggal": "05/08/2026",
    },
    "time": "19:05",
  },
  {
    "amount": -250000n,
    "balance": 15190000n,
    "date": "2026-08-07",
    "description": "PEMBAYARAN LISTRIK PRABAYAR",
    "raw": {
      "dk": "DB",
      "halaman": "1",
      "jam": "08:40",
      "keterangan": "PEMBAYARAN LISTRIK PRABAYAR",
      "mutasi": "250.000,00",
      "saldo": "15.190.000,00",
      "tanggal": "07/08/2026",
    },
    "time": "08:40",
  },
  {
    "amount": -300000n,
    "balance": 14890000n,
    "date": "2026-08-10",
    "description": "TOP UP DOMPET DIGITAL",
    "raw": {
      "dk": "DB",
      "halaman": "1",
      "jam": "21:15",
      "keterangan": "TOP UP DOMPET DIGITAL",
      "mutasi": "300.000,00",
      "saldo": "14.890.000,00",
      "tanggal": "10/08/2026",
    },
    "time": "21:15",
  },
  {
    "amount": -612450n,
    "balance": 14277550n,
    "date": "2026-08-12",
    "description": "BELANJA SUPERMARKET CONTOH",
    "raw": {
      "dk": "DB",
      "halaman": "1",
      "jam": "10:00",
      "keterangan": "BELANJA SUPERMARKET CONTOH",
      "mutasi": "612.450,00",
      "saldo": "14.277.550,00",
      "tanggal": "12/08/2026",
    },
    "time": "10:00",
  },
  {
    "amount": 750000n,
    "balance": 15027550n,
    "date": "2026-08-15",
    "description": "TRANSFER MASUK DARI PARTNER",
    "raw": {
      "dk": "CR",
      "halaman": "1",
      "jam": "16:20",
      "keterangan": "TRANSFER MASUK DARI PARTNER",
      "mutasi": "750.000,00",
      "saldo": "15.027.550,00",
      "tanggal": "15/08/2026",
    },
    "time": "16:20",
  },
  {
    "amount": -1200000n,
    "balance": 13827550n,
    "date": "2026-08-18",
    "description": "CICILAN KARTU KREDIT",
    "raw": {
      "dk": "DB",
      "halaman": "2",
      "jam": "09:10",
      "keterangan": "CICILAN KARTU KREDIT",
      "mutasi": "1.200.000,00",
      "saldo": "13.827.550,00",
      "tanggal": "18/08/2026",
    },
    "time": "09:10",
  },
  {
    "amount": -38000n,
    "balance": 13789550n,
    "date": "2026-08-20",
    "description": "QRIS KEDAI KOPI",
    "raw": {
      "dk": "DB",
      "halaman": "2",
      "jam": "13:45",
      "keterangan": "QRIS KEDAI KOPI",
      "mutasi": "38.000,00",
      "saldo": "13.789.550,00",
      "tanggal": "20/08/2026",
    },
    "time": "13:45",
  },
  {
    "amount": 1234n,
    "balance": 13790784n,
    "date": "2026-08-22",
    "description": "BUNGA TABUNGAN",
    "raw": {
      "dk": "CR",
      "halaman": "2",
      "jam": "11:11",
      "keterangan": "BUNGA TABUNGAN",
      "mutasi": "1.234,00",
      "saldo": "13.790.784,00",
      "tanggal": "22/08/2026",
    },
    "time": "11:11",
  },
  {
    "amount": -189900n,
    "balance": 13600884n,
    "date": "2026-08-25",
    "description": "BELANJA DARING TOKO CONTOH PESANAN 000123",
    "raw": {
      "dk": "DB",
      "halaman": "2",
      "jam": "18:30",
      "keterangan": "BELANJA DARING TOKO CONTOH PESANAN 000123",
      "mutasi": "189.900,00",
      "saldo": "13.600.884,00",
      "tanggal": "25/08/2026",
    },
    "time": "18:30",
  },
  {
    "amount": -247n,
    "balance": 13600637n,
    "date": "2026-08-28",
    "description": "PAJAK BUNGA",
    "raw": {
      "dk": "DB",
      "halaman": "2",
      "jam": "07:55",
      "keterangan": "PAJAK BUNGA",
      "mutasi": "247,00",
      "saldo": "13.600.637,00",
      "tanggal": "28/08/2026",
    },
    "time": "07:55",
  },
]
`;
